../Core/Src/main.c:71:6:delay_us	16	static
../Core/Src/main.c:77:6:stepper_set_rpm	16	static
../Core/Src/main.c:84:6:stepper_half_drive	16	static
../Core/Src/main.c:149:6:stepper_move	48	static
../Core/Src/main.c:185:5:main	8	static
../Core/Src/main.c:255:6:SystemClock_Config	88	static
../Core/Src/main.c:302:13:MX_ADC1_Init	24	static
../Core/Src/main.c:349:13:MX_TIM1_Init	32	static
../Core/Src/main.c:395:13:MX_USART2_UART_Init	8	static
../Core/Src/main.c:428:13:MX_GPIO_Init	40	static
../Core/Src/main.c:492:6:Error_Handler	4	static,ignoring_inline_asm
